ERROR: name '__file__' is not defined
